[levytsroman.github.io/index.html]
[www.google-analytics.com/analytics.js]
[backblue.gif]
[fade.gif]
[index.html]
[levytsroman.github.io/assets/images/favicon.png]
[cdnjs.cloudflare.com/ajax/libs/materialize/0.100.2/css/materialize.min.css]
[cdn.rawgit.com/konpa/devicon/df6431e323547add1b4cf45992913f15286456d3/devicon.min.css]
[maxcdn.bootstrapcdn.com/font-awesome/4.7.0/css/font-awesome.min.css]
[levytsroman.github.io/assets/css/main.css]
[levytsroman.github.io/about.html]
[levytsroman.github.io/projects.html]
[levytsroman.github.io/resume.html]
[levytsroman.github.io/contact.html]
[cdnjs.cloudflare.com/ajax/libs/jquery/3.1.1/jquery.min.js]
[cdnjs.cloudflare.com/ajax/libs/materialize/0.100.2/js/materialize.min.js]
[cdnjs.cloudflare.com/ajax/libs/barba.js/1.0.0/barba.min.js]
[levytsroman.github.io/assets/js/functions.js]
[levytsroman.github.io/assets/js/transitions.js]
[levytsroman.github.io/assets/js/initialize.js]
[levytsroman.github.io/assets/js/script.js]
[levytsroman.github.io/index.html]
[cdnjs.cloudflare.com/ajax/libs/materialize/0.100.2/css/materialize.min.css]
[cdn.rawgit.com/konpa/devicon/df6431e323547add1b4cf45992913f15286456d3/fonts/devicond41d.eot]
[cdn.rawgit.com/konpa/devicon/df6431e323547add1b4cf45992913f15286456d3/fonts/devicond2ef.woff]
[cdn.rawgit.com/konpa/devicon/df6431e323547add1b4cf45992913f15286456d3/fonts/devicond2ef.ttf]
[cdn.rawgit.com/konpa/devicon/df6431e323547add1b4cf45992913f15286456d3/devicon.min.css]
[maxcdn.bootstrapcdn.com/font-awesome/4.7.0/css/font-awesome.min.css]
[levytsroman.github.io/assets/images/me.jpg]
[cdn.rawgit.com/konpa/devicon/df6431e323547add1b4cf45992913f15286456d3/fonts/devicond2ef.svg]
[levytsroman.github.io/assets/images/projects.jpg]
[levytsroman.github.io/assets/images/resume.jpg]
[levytsroman.github.io/assets/images/contact.jpg]
[levytsroman.github.io/assets/css/main.css]
[levytsroman.github.io/assets/images/logo.png]
[levytsroman.github.io/assets/images/profile_picture.jpg]
[levytsroman.github.io/about.html]
[levytsroman.github.io/assets/images/project_covers/tic-tac-toe-cover.jpg]
[levytsroman.github.io/assets/images/project_images/tic_tac_toe/tictactoe1.png]
[levytsroman.github.io/assets/images/project_images/tic_tac_toe/tictactoe2.png]
[levytsroman.github.io/assets/images/project_images/tic_tac_toe/tictactoe3.png]
[levytsroman.github.io/assets/images/project_covers/hack-overflow-cover.png]
[levytsroman.github.io/stackoverflow.com]
[levytsroman.github.io/assets/images/project_covers/shoot-things-game-cover.png]
[levytsroman.github.io/projects.html]
[levytsroman.github.io/assets/Roman_Levytskyy_resume.pdf]
[levytsroman.github.io/shootThingsGame/index.html]
[levytsroman.github.io/assets/images/website_resume.png]
[levytsroman.github.io/resume.html]
[levytsroman.github.io/contact.html]
[cdn.rawgit.com/konpa/devicon/df6431e323547add1b4cf45992913f15286456d3/fonts/devicond2ef.svg]
[levytsroman.github.io/stackoverflow.html]
[levytsroman.github.io/shootThingsGame/css/styles.css]
[levytsroman.github.io/shootThingsGame/css/normalize.css]
[levytsroman.github.io/shootThingsGame/js/helpers.js]
[levytsroman.github.io/shootThingsGame/js/game.js]
[cdn.rawgit.com/konpa/devicon/df6431e323547add1b4cf45992913f15286456d3/fonts/devicond2ef.eot]
[levytsroman.github.io/shootThingsGame/js/player.js]
[levytsroman.github.io/shootThingsGame/js/runner.js]
[levytsroman.github.io/shootThingsGame/index.html]
[levytsroman.github.io/assets/Roman_Levytskyy_resume.html]
[levytsroman.github.io/shootThingsGame/images/player.png]
[levytsroman.github.io/shootThingsGame/images/bullet.png]
[levytsroman.github.io/shootThingsGame/images/enemy.png]
[levytsroman.github.io/shootThingsGame/images/gameArea.png]
[levytsroman.github.io/shootThingsGame/css/styles.css]
[levytsroman.github.io/shootThingsGame/css/normalize.css]
